// Jest Snapshot v1, https://goo.gl/fbAQLP

exports[`Pruebas en HookApp debe mostrar  < HookApp /> correstamente 1`] = `
<div>
  <h1>
    Hola Mundo
  </h1>
</div>
`;
