// Jest Snapshot v1, https://goo.gl/fbAQLP

exports[`Pruebas en <HomeScreen/> debe de mostrarse correctamente 1`] = `
<div>
  <h1>
    HomeScreen
  </h1>
  <hr />
  <pre>
    {
   "id": 1234,
   "name": "Eduardo Costella",
   "email": "ecostella@hotmail.com"
}
  </pre>
</div>
`;
